[vinayaroratech.com/index.html]
[backblue.gif]
[fade.gif]
[index.html]
[vinayaroratech.com/wp-content/themes/astra/assets/css/minified/frontend.minb045.css]
[vinayaroratech.com/wp-content/themes/astra/assets/fonts/astra.woff]
[vinayaroratech.com/feed/index.html]
[vinayaroratech.com/wp-content/themes/astra/assets/css/minified/menu-animation.minb045.css]
[vinayaroratech.com/wp-includes/css/dist/block-library/style.mind988.css]
[vinayaroratech.com/comments/feed/index.html]
[vinayaroratech.com/wp-content/plugins/header-footer-elementor/assets/css/header-footer-elementor2745.css]
[vinayaroratech.com/wp-content/plugins/elementor/assets/lib/eicons/css/elementor-icons.minb683.css]
[vinayaroratech.com/wp-content/plugins/elementor/assets/css/frontend-legacy.mincd45.css]
[vinayaroratech.com/wp-content/plugins/elementor/assets/css/frontend.mincd45.css]
[vinayaroratech.com/wp-content/plugins/elementor/assets/lib/eicons/fonts/eicons0b93.eot]
[vinayaroratech.com/wp-content/uploads/elementor/css/post-4756c20.css]
[vinayaroratech.com/wp-content/plugins/elementor/assets/lib/font-awesome/css/all.mincd45.css]
[vinayaroratech.com/wp-content/plugins/elementor/assets/lib/font-awesome/css/v4-shims.mincd45.css]
[vinayaroratech.com/wp-content/uploads/elementor/css/post-7066c20.css]
[vinayaroratech.com/wp-content/plugins/header-footer-elementor/inc/widgets-css/frontend2745.css]
[vinayaroratech.com/wp-content/plugins/elementor/assets/lib/font-awesome/css/fontawesome.min52d5.css]
[vinayaroratech.com/wp-content/plugins/elementor/assets/lib/font-awesome/css/solid.min52d5.css]
[vinayaroratech.com/wp-content/plugins/elementor/assets/lib/font-awesome/js/v4-shims.mincd45.js]
[vinayaroratech.com/wp-json/wp/v2/pages/706.json]
[vinayaroratech.com/wp-json/index.html]
[vinayaroratech.com/xmlrpc0db0.php]
[vinayaroratech.com/wp-includes/wlwmanifest.xml]
[vinayaroratech.com/wp-json/oembed/1.0/embed28a1.json]
[vinayaroratech.com/wp-json/oembed/1.0/embed8c68]
[vinayaroratech.com/wp-content/uploads/2020/05/cropped-android-chrome-512x5121-1-3-32x32.png]
[vinayaroratech.com/wp-content/uploads/2020/05/cropped-android-chrome-512x5121-1-3-192x192.png]
[vinayaroratech.com/wp-content/uploads/2020/05/cropped-android-chrome-512x5121-1-3-180x180.png]
[vinayaroratech.com/wp-content/uploads/2021/06/karbit.png]
[vinayaroratech.com/wp-content/uploads/2021/06/karbit-300x117.png]
[vinayaroratech.com/about/index.html]
[vinayaroratech.com/wp-content/uploads/2021/06/Symba.png]
[vinayaroratech.com/recent-projects/index.html]
[vinayaroratech.com/wp-content/uploads/2021/06/Symba-300x106.png]
[vinayaroratech.com/wp-content/uploads/2021/06/Automotivemastermind-Logo.jpg]
[vinayaroratech.com/blog/index.html]
[vinayaroratech.com/wp-content/uploads/2021/06/Automotivemastermind-Logo-300x150.jpg]
[vinayaroratech.com/wp-content/uploads/2021/06/TrekIT.png]
[vinayaroratech.com/wp-content/uploads/2021/06/Oasis-360-1120x480-1.png]
[vinayaroratech.com/wp-content/uploads/2021/06/Oasis-360-1120x480-1-300x129.png]
[vinayaroratech.com/wp-content/uploads/2021/06/us-bank.jpg]
[vinayaroratech.com/contact/index.html]
[vinayaroratech.com/wp-content/plugins/elementor/assets/lib/animations/animations.mincd45.css]
[vinayaroratech.com/wp-content/themes/astra/assets/js/minified/frontend.minb045.js]
[vinayaroratech.com/wp-includes/js/wp-embed.mind988.js]
[vinayaroratech.com/wp-content/plugins/elementor/assets/js/webpack.runtime.mincd45.js]
[vinayaroratech.com/wp-includes/js/jquery/jquery.min9d52.js]
[vinayaroratech.com/wp-includes/js/jquery/jquery-migrate.mind617.js]
[vinayaroratech.com/wp-content/plugins/elementor/assets/js/frontend-modules.mincd45.js]
[vinayaroratech.com/wp-content/plugins/elementor/assets/lib/waypoints/waypoints.min05da.js]
[vinayaroratech.com/wp-includes/js/jquery/ui/core.min35d0.js]
[vinayaroratech.com/wp-content/plugins/elementor/assets/lib/swiper/swiper.min48f5.js]
[vinayaroratech.com/wp-content/plugins/elementor/assets/lib/share-link/share-link.mincd45.js]
[vinayaroratech.com/wp-content/plugins/elementor/assets/lib/dialog/dialog.mina288.js]
[vinayaroratech.com/wp-content/plugins/elementor/assets/js/frontend.mincd45.js]
[vinayaroratech.com/wp-content/plugins/elementor/assets/js/preloaded-modules.mincd45.js]
[vinayaroratech.com/wp-includes/js/underscore.min4511.js]
[vinayaroratech.com/wp-includes/js/wp-util.mind988.js]
[vinayaroratech.com/wp-content/plugins/wpforms-lite/assets/js/integrations/elementor/frontend.min544c.js]
[vinayaroratech.com/index.html]
[vinayaroratech.com/wp-content/themes/astra/assets/css/minified/frontend.minb045.css]
[vinayaroratech.com/wp-content/themes/astra/assets/css/minified/menu-animation.minb045.css]
[vinayaroratech.com/wp-includes/css/dist/block-library/style.mind988.css]
[vinayaroratech.com/wp-content/plugins/header-footer-elementor/assets/css/header-footer-elementor2745.css]
[vinayaroratech.com/wp-content/plugins/elementor/assets/lib/eicons/fonts/eicons02d6.eot]
[vinayaroratech.com/wp-content/plugins/elementor/assets/lib/eicons/fonts/eicons02d6.woff2]
[vinayaroratech.com/wp-content/plugins/elementor/assets/lib/eicons/fonts/eicons02d6.woff]
[vinayaroratech.com/wp-content/plugins/elementor/assets/lib/eicons/fonts/eicons02d6.ttf]
[vinayaroratech.com/wp-content/plugins/elementor/assets/lib/eicons/css/elementor-icons.minb683.css]
[vinayaroratech.com/wp-content/plugins/elementor/assets/css/frontend-legacy.mincd45.css]
[vinayaroratech.com/wp-content/plugins/elementor/assets/css/frontend.mincd45.css]
[vinayaroratech.com/wp-content/uploads/elementor/css/post-4756c20.css]
[vinayaroratech.com/wp-content/plugins/elementor/assets/lib/font-awesome/webfonts/fa-brands-400.eot]
[vinayaroratech.com/wp-content/plugins/elementor/assets/lib/font-awesome/webfonts/fa-brands-400d41d.eot]
[vinayaroratech.com/wp-content/plugins/elementor/assets/lib/font-awesome/webfonts/fa-brands-400.woff2]
[vinayaroratech.com/wp-content/plugins/elementor/assets/lib/font-awesome/webfonts/fa-brands-400.woff]
[vinayaroratech.com/wp-content/plugins/elementor/assets/lib/font-awesome/webfonts/fa-brands-400.ttf]
[vinayaroratech.com/wp-content/plugins/elementor/assets/lib/font-awesome/webfonts/fa-regular-400.eot]
[vinayaroratech.com/wp-content/plugins/elementor/assets/lib/font-awesome/webfonts/fa-regular-400d41d.eot]
[vinayaroratech.com/wp-content/plugins/elementor/assets/lib/font-awesome/webfonts/fa-regular-400.woff2]
[vinayaroratech.com/wp-content/plugins/elementor/assets/lib/font-awesome/webfonts/fa-regular-400.woff]
[vinayaroratech.com/wp-content/plugins/elementor/assets/lib/font-awesome/webfonts/fa-regular-400.ttf]
[vinayaroratech.com/wp-content/plugins/elementor/assets/lib/font-awesome/webfonts/fa-solid-900.eot]
[vinayaroratech.com/wp-content/plugins/elementor/assets/lib/font-awesome/webfonts/fa-solid-900d41d.eot]
[vinayaroratech.com/wp-content/plugins/elementor/assets/lib/font-awesome/webfonts/fa-solid-900.woff2]
[vinayaroratech.com/wp-content/plugins/elementor/assets/lib/font-awesome/webfonts/fa-solid-900.woff]
[vinayaroratech.com/wp-content/plugins/elementor/assets/lib/font-awesome/webfonts/fa-solid-900.ttf]
[vinayaroratech.com/wp-content/plugins/elementor/assets/lib/font-awesome/css/all.mincd45.css]
[vinayaroratech.com/wp-content/plugins/elementor/assets/lib/font-awesome/css/v4-shims.mincd45.css]
[vinayaroratech.com/wp-content/uploads/2021/06/laptop-notebook-cellphone-1839876.jpg]
[vinayaroratech.com/wp-content/uploads/2018/11/img-04-free-img.jpg]
[vinayaroratech.com/wp-content/uploads/2020/01/sn-man-jumping.jpg]
[vinayaroratech.com/wp-content/uploads/elementor/css/post-7066c20.css]
[vinayaroratech.com/wp-content/plugins/header-footer-elementor/inc/widgets-css/frontend2745.css]
[vinayaroratech.com/wp-content/plugins/elementor/assets/lib/font-awesome/css/fontawesome.min52d5.css]
[vinayaroratech.com/wp-content/plugins/elementor/assets/lib/font-awesome/css/solid.min52d5.css]
[vinayaroratech.com/wp-content/uploads/elementor/css/post-7079cc9.css]
[vinayaroratech.com/wp-json/wp/v2/pages/707.json]
[vinayaroratech.com/wp-json/oembed/1.0/embedf42e.json]
[vinayaroratech.com/wp-json/oembed/1.0/embedd467]
[vinayaroratech.com/wp-content/uploads/2022/10/Vinay-.NET-Core-Microservice-Developer.pdf]
[vinayaroratech.com/wp-content/uploads/2021/06/1578289989157.jpg]
[vinayaroratech.com/wp-content/uploads/2021/06/1611744237617.jpg]
[vinayaroratech.com/wp-content/uploads/2021/06/1517606347664.jpg]
[vinayaroratech.com/wp-content/plugins/elementor/assets/lib/jquery-numerator/jquery-numerator.min3958.js]
[vinayaroratech.com/about/index.html]
[vinayaroratech.com/wp-content/uploads/elementor/css/post-713dc45.css]
[vinayaroratech.com/wp-json/wp/v2/pages/713.json]
[vinayaroratech.com/wp-json/oembed/1.0/embedaab2.json]
[vinayaroratech.com/wp-json/oembed/1.0/embed6eeb]
[vinayaroratech.com/wp-content/uploads/2021/06/citi-bank-300x300.png]
[vinayaroratech.com/wp-content/uploads/2021/06/Oasis-360-1120x480-1-1024x439.png]
[vinayaroratech.com/wp-content/uploads/2021/06/FarmerMac-1024x535.jpg]
[vinayaroratech.com/recent-projects/index.html]
[vinayaroratech.com/blog/index.html]
[vinayaroratech.com/wp-content/uploads/elementor/css/post-710bf73.css]
[vinayaroratech.com/dotnet/securing-blazor-webassembly-apps/index.html]
[vinayaroratech.com/wp-content/plugins/wpforms-lite/assets/css/wpforms-base.min544c.css]
[vinayaroratech.com/category/dotnet/index.html]
[vinayaroratech.com/category/dotnet/how-to/index.html]
[vinayaroratech.com/author/admin/index.html]
[vinayaroratech.com/wp-content/plugins/elementor/assets/lib/font-awesome/css/regular.min52d5.css]
[vinayaroratech.com/dotnet/how-to-visualize-net-core-api-usage-with-prometheus-and-grafana-net-6/index.html]
[vinayaroratech.com/wp-content/plugins/elementor/assets/lib/font-awesome/css/brands.min52d5.css]
[vinayaroratech.com/dotnet/getting-started-with-opentelemetry-metrics-in-net-part-2-instrumenting-the-bookstore-api/index.html]
[vinayaroratech.com/wp-json/wp/v2/pages/710.json]
[vinayaroratech.com/dotnet/getting-started-with-opentelemetry-metrics-in-net-part-1-key-concepts/index.html]
[vinayaroratech.com/wp-json/oembed/1.0/embed84f4.json]
[vinayaroratech.com/wp-json/oembed/1.0/embedcb7c]
[vinayaroratech.com/dotnet/getting-started-with-opentelemetry-and-distributed-tracing-in-net-core/index.html]
[vinayaroratech.com/dotnet/how-to/examples-of-creating-base64-hashes-using-hmac-sha256-in-different-languages/index.html]
[vinayaroratech.com/wp-content/plugins/wpforms-lite/assets/js/jquery.validate.minb3a6.js]
[vinayaroratech.com/wp-content/plugins/wpforms-lite/assets/js/mailcheck.mincfa9.js]
[vinayaroratech.com/wp-content/plugins/wpforms-lite/assets/js/punycode.min8a54.js]
[vinayaroratech.com/contact/index.html]
[vinayaroratech.com/wp-content/plugins/elementor/assets/lib/animations/animations.mincd45.css]
[vinayaroratech.com/wp-content/plugins/wpforms-lite/assets/js/wpforms544c.js]
[vinayaroratech.com/azure/amazing-microsoft-resources/index.html]
[vinayaroratech.com/wp-content/plugins/elementor/assets/lib/eicons/fonts/eicons02d6.svg]
[vinayaroratech.com/category/azure/index.html]
[vinayaroratech.com/wp-content/plugins/elementor/assets/lib/font-awesome/webfonts/fa-brands-400.svg]
[vinayaroratech.com/dotnet/how-to-handle-datetime-in-cosmos-db/index.html]
[vinayaroratech.com/dotnet/confirm-aws-cognito-signups-automatically/index.html]
[vinayaroratech.com/wp-content/plugins/elementor/assets/lib/font-awesome/webfonts/fa-regular-400.svg]
[vinayaroratech.com/category/aws/index.html]
[vinayaroratech.com/category/dotnet-core/index.html]
[vinayaroratech.com/blog/page/2/index.html]
[vinayaroratech.com/dotnet/how-to-aws-cognito-login-signup-in-asp-net-core/index.html]
[vinayaroratech.com/wp-content/plugins/elementor/assets/lib/font-awesome/webfonts/fa-solid-900.svg]
[vinayaroratech.com/blog/page/3/index.html]
[vinayaroratech.com/wp-content/uploads/2018/11/bg-03-free-img.jpg]
[vinayaroratech.com/wp-content/uploads/elementor/css/post-7079cc9.css]
[vinayaroratech.com/index25b8.html]
[vinayaroratech.com/wp-content/uploads/elementor/css/post-713dc45.css]
[vinayaroratech.com/index2e8b.html]
[vinayaroratech.com/wp-json/wp/v2/posts/969.json]
[vinayaroratech.com/wp-json/oembed/1.0/embed864b.json]
[vinayaroratech.com/dotnet/securing-blazor-webassembly-apps/feed/index.html]
[vinayaroratech.com/wp-json/oembed/1.0/embedab29]
[images.ctfassets.net/23aumh6u8s0i/1iuH4fcHt0rA0OoTGUdd9P/7ea0a59eebc6358e319e9c3f9f0b59ba/blazor-homepage.png]
[images.ctfassets.net/23aumh6u8s0i/K0RnC5N4WNMdaTd0XA7vS/d773f4e01e0a6da995e1ab9f612acb71/blazor-quiz-app.png]
[images.ctfassets.net/23aumh6u8s0i/7Lwyrds8bai2wl26T63ZlL/50f3fbda536515d608972fcbf0def159/blazor-unauthenticated-user.png]
[images.ctfassets.net/23aumh6u8s0i/3LvgHWbncfgMgQ8yBlbTl3/bb53b957ad5581a2acc7b9efa1189162/blazor-unauthorized-user.png]
[images.ctfassets.net/23aumh6u8s0i/2lsComaCge0ZuDAQa6Pbse/3e16fdec1aee9233acca9a83b27c519f/blazor-app-dev-tools.png]
[vinayaroratech.com/wp-includes/js/comment-reply.mind988.js]
[vinayaroratech.com/dotnet/securing-blazor-webassembly-apps/index.html]
[vinayaroratech.com/wp-json/wp/v2/categories/1.json]
[vinayaroratech.com/category/dotnet/index.html]
[vinayaroratech.com/dotnet/how-to-load-net-configuration-from-aws-secrets-manager/index.html]
[vinayaroratech.com/category/dotnet/page/2/index.html]
[vinayaroratech.com/category/dotnet/feed/index.html]
[vinayaroratech.com/wp-json/wp/v2/categories/13.json]
[vinayaroratech.com/category/dotnet/how-to/index.html]
[vinayaroratech.com/category/dotnet/how-to/feed/index.html]
[vinayaroratech.com/dotnet/aws-cognito-client-credentials-flow-net-6/index.html]
[vinayaroratech.com/wp-json/wp/v2/users/1.json]
[vinayaroratech.com/author/admin/index.html]
[vinayaroratech.com/dotnet/how-to/how-to-reverse-proxy-using-nginx/index.html]
[vinayaroratech.com/author/admin/page/2/index.html]
[vinayaroratech.com/author/admin/feed/index.html]
[vinayaroratech.com/author/admin/page/3/index.html]
[vinayaroratech.com/wp-json/wp/v2/posts/952.json]
[vinayaroratech.com/dotnet/how-to-visualize-net-core-api-usage-with-prometheus-and-grafana-net-6/feed/index.html]
[vinayaroratech.com/wp-json/oembed/1.0/embedf4f3.json]
[vinayaroratech.com/wp-json/oembed/1.0/embedadef]
[blog.christian-schou.dk/content/images/2022/09/Docker-Compose-API-Tracking-Containers.gif]
[blog.christian-schou.dk/content/images/2022/09/Docker-Desktop-Api-Tracking-Containers.png]
[blog.christian-schou.dk/content/images/2022/09/Create-Dotnet-Web-Api-From-Cmd.gif]
[blog.christian-schou.dk/content/images/2022/09/Run-Dotnet-Web-Api-From-Cmd.gif]
[blog.christian-schou.dk/content/images/2022/09/Install-Prometheus-Package-Dot-Net-Core.gif]
[blog.christian-schou.dk/content/images/2022/09/dot-net-metrics-for-prometheus.png]
[blog.christian-schou.dk/content/images/2022/09/Prometheus-Endpoint-Up-For-Web-Api.png]
[blog.christian-schou.dk/content/images/2022/09/Test-Swagger-Weather-Endpoint.gif]
[blog.christian-schou.dk/content/images/2022/09/metrics-result-by-testing-weather-api-endpoint.png]
[blog.christian-schou.dk/content/images/2022/09/Prometheus-Graph-Test-For-Endpoint.png]
[blog.christian-schou.dk/content/images/2022/09/Configure-Prometheus-Data-Source-Grafana.gif]
[blog.christian-schou.dk/content/images/2022/09/Add-New-Dashboard-And-Query-Prometheus.gif]
[blog.christian-schou.dk/content/images/2022/09/API-Metrics-In-Grafana.png]
[vinayaroratech.com/wp-content/uploads/2023/01/image-1024x707.png]
[vinayaroratech.com/wp-content/uploads/2023/01/image-1-1024x745.png]
[miro.medium.com/max/1400/1_kFWHwYInmAvONVk9OfFzrQ.png]
[miro.medium.com/max/1400/1_gmwLmcjR6RB_Qfp4X7CDGg.png]
[vinayaroratech.com/dotnet/how-to-visualize-net-core-api-usage-with-prometheus-and-grafana-net-6/index.html]
[vinayaroratech.com/wp-json/wp/v2/posts/950.json]
[vinayaroratech.com/dotnet/getting-started-with-opentelemetry-metrics-in-net-part-2-instrumenting-the-bookstore-api/feed/index.html]
[vinayaroratech.com/wp-json/oembed/1.0/embed185f.json]
[vinayaroratech.com/wp-json/oembed/1.0/embedd23b]
[www.mytechramblings.com/img/otel-metrics-app-diagram.png]
[www.mytechramblings.com/img/otel-metrics-bookstore-database-diagram.png]
[www.mytechramblings.com/img/otel-metrics-prometheus-resource-builder.png]
[www.mytechramblings.com/img/otel-metrics-prometheus-metrics-explorer.png]
[www.mytechramblings.com/img/otel-metrics-prometheus-orders-price-histogram.png]
[www.mytechramblings.com/img/otel-metrics-prometheus-incoming-requests-metrics.png]
[www.mytechramblings.com/img/otel-metrics-prometheus-perf-counter-metrics.png]
[www.mytechramblings.com/img/otel-metrics-bookstore-custom-metrics.png]
[www.mytechramblings.com/img/otel-metrics-bookstore-custom-orders-metrics.png]
[www.mytechramblings.com/img/otel-metrics-http-requests-dashboard.png]
[www.mytechramblings.com/img/otel-metrics-perf-counters-dashboard.png]
[vinayaroratech.com/dotnet/getting-started-with-opentelemetry-metrics-in-net-part-2-instrumenting-the-bookstore-api/index.html]
[vinayaroratech.com/wp-json/wp/v2/posts/948.json]
[vinayaroratech.com/wp-json/oembed/1.0/embeddf1e.json]
[vinayaroratech.com/dotnet/getting-started-with-opentelemetry-metrics-in-net-part-1-key-concepts/feed/index.html]
[vinayaroratech.com/wp-json/oembed/1.0/embed4002]
[www.mytechramblings.com/img/otel-metrics-exporter-otel-collector.png]
[www.mytechramblings.com/img/otel-metrics-exporter-backend.png]
[vinayaroratech.com/dotnet/getting-started-with-opentelemetry-metrics-in-net-part-1-key-concepts/index.html]
[vinayaroratech.com/wp-json/wp/v2/posts/946.json]
[vinayaroratech.com/dotnet/getting-started-with-opentelemetry-and-distributed-tracing-in-net-core/feed/index.html]
[vinayaroratech.com/wp-json/oembed/1.0/embed2d61.json]
[vinayaroratech.com/wp-json/oembed/1.0/embed78ad]
[www.mytechramblings.com/img/otel-components-diagram.png]
[www.mytechramblings.com/img/otel-jaeger.png]
[www.mytechramblings.com/img/otel-jaeger-span.png]
[www.mytechramblings.com/img/otel-jaeger-http-instrumentation.png]
[www.mytechramblings.com/img/otel-jaeger-rabbit-tags.png]
[www.mytechramblings.com/img/otel-jaeger-dag.png]
[www.mytechramblings.com/img/otel-jaeger-statistics.png]
[www.mytechramblings.com/img/otel-jaeger-compare-traces.png]
[vinayaroratech.com/dotnet/getting-started-with-opentelemetry-and-distributed-tracing-in-net-core/index.html]
[vinayaroratech.com/wp-json/wp/v2/posts/940.json]
[vinayaroratech.com/dotnet/how-to/examples-of-creating-base64-hashes-using-hmac-sha256-in-different-languages/feed/index.html]
[vinayaroratech.com/wp-json/oembed/1.0/embed2892.json]
[vinayaroratech.com/wp-json/oembed/1.0/embed2903]
[vinayaroratech.com/dotnet/how-to/examples-of-creating-base64-hashes-using-hmac-sha256-in-different-languages/index.html]
[vinayaroratech.com/wp-json/wp/v2/posts/936.json]
[vinayaroratech.com/azure/amazing-microsoft-resources/feed/index.html]
[vinayaroratech.com/wp-json/oembed/1.0/embede976.json]
[vinayaroratech.com/wp-json/oembed/1.0/embed8b3c]
[vinayaroratech.com/azure/amazing-microsoft-resources/index.html]
[vinayaroratech.com/wp-json/wp/v2/categories/93.json]
[vinayaroratech.com/category/azure/index.html]
[vinayaroratech.com/wp-json/wp/v2/posts/934.json]
[vinayaroratech.com/category/azure/feed/index.html]
[vinayaroratech.com/dotnet/how-to-handle-datetime-in-cosmos-db/feed/index.html]
[vinayaroratech.com/wp-json/oembed/1.0/embed8523.json]
[vinayaroratech.com/wp-json/oembed/1.0/embeda986]
[1.bp.blogspot.com/-AXyj0hbBPrA/XdCVmcGXOcI/AAAAAAAACdI/P1gy4L57PZ0CLjPU0YlRw5fa1hB4b2FTgCLcBGAsYHQ/s1600/dt1.PNG]
[1.bp.blogspot.com/-HACSfZCB7QY/XdCjtZLnKuI/AAAAAAAACdo/_RO8Cno85LwjwnSTq1Cx2nuncRtP8aMPgCLcBGAsYHQ/s1600/dt2.PNG]
[1.bp.blogspot.com/-HACSfZCB7QY/XdCjtZLnKuI/AAAAAAAACdo/_RO8Cno85LwjwnSTq1Cx2nuncRtP8aMPgCLcBGAsYHQ/s640/dt2.PNG]
[1.bp.blogspot.com/-TNtyMIM_gUA/XdCnGqx1I4I/AAAAAAAACd8/-S2X5EIwyXQO9bKmKM9p3taVKE8dQDwygCLcBGAsYHQ/s1600/dt3.PNG]
[1.bp.blogspot.com/-TNtyMIM_gUA/XdCnGqx1I4I/AAAAAAAACd8/-S2X5EIwyXQO9bKmKM9p3taVKE8dQDwygCLcBGAsYHQ/s640/dt3.PNG]
[1.bp.blogspot.com/-Mna_O8UEOYA/XdPfzfdkkvI/AAAAAAAACeo/hykSN7ELwWo87LJQCPj_xAtaOUGIw-pcQCLcBGAsYHQ/s1600/dt4.PNG]
[1.bp.blogspot.com/-Mna_O8UEOYA/XdPfzfdkkvI/AAAAAAAACeo/hykSN7ELwWo87LJQCPj_xAtaOUGIw-pcQCLcBGAsYHQ/s640/dt4.PNG]
[vinayaroratech.com/dotnet/how-to-handle-datetime-in-cosmos-db/index.html]
[vinayaroratech.com/wp-json/wp/v2/posts/926.json]
[vinayaroratech.com/dotnet/confirm-aws-cognito-signups-automatically/feed/index.html]
[vinayaroratech.com/wp-json/oembed/1.0/embed8283.json]
[vinayaroratech.com/wp-json/oembed/1.0/embed798a]
[vinayaroratech.com/wp-content/uploads/2022/11/image-1024x263.png]
[vinayaroratech.com/wp-content/uploads/2022/11/image-2-1024x622.png]
[vinayaroratech.com/wp-content/uploads/2022/11/image-4-1024x523.png]
[vinayaroratech.com/dotnet/confirm-aws-cognito-signups-automatically/index.html]
[vinayaroratech.com/wp-json/wp/v2/categories/5.json]
[vinayaroratech.com/category/dotnet-core/index.html]
[vinayaroratech.com/category/dotnet-core/feed/index.html]
[vinayaroratech.com/wp-json/wp/v2/categories/79.json]
[vinayaroratech.com/category/aws/index.html]
[vinayaroratech.com/dotnet-core/working-with-aws-s3-using-asp-net-core-upload-download-delete-files/index.html]
[vinayaroratech.com/category/aws/feed/index.html]
[vinayaroratech.com/wp-json/wp/v2/posts/924.json]
[vinayaroratech.com/dotnet/how-to-aws-cognito-login-signup-in-asp-net-core/feed/index.html]
[vinayaroratech.com/wp-json/oembed/1.0/embed6ef6.json]
[vinayaroratech.com/wp-json/oembed/1.0/embed66d5]
[vinayaroratech.com/dotnet/how-to-aws-cognito-login-signup-in-asp-net-core/index.html]
[vinayaroratech.com/blog/page/2/index.html]
[vinayaroratech.com/blog/page/3/index.html]
[vinayaroratech.com/category/devops/index.html]
[vinayaroratech.com/dotnet/using-stripe-js-elements-with-angular/index.html]
[vinayaroratech.com/dotnet/hosting-net-6-web-api-with-aws-lambda-truly-server-less-rest-apis/index.html]
[vinayaroratech.com/github/ci-cd-using-github-actions-aws-ecr-and-ecs-fargate/index.html]
[vinayaroratech.com/category/github/index.html]
[vinayaroratech.com/category/mdm/index.html]
[vinayaroratech.com/mdm/up-and-running-with-micromdm/index.html]
[vinayaroratech.com/mdm/micromdm/index.html]
[vinayaroratech.com/wp-content/uploads/2018/11/bg-08-free-img.jpg]
[vinayaroratech.com/wp-content/uploads/elementor/css/post-710bf73.css]
[vinayaroratech.com/dotnet/problem-statement/stock-buy-sell-to-maximize-profit/index.html]
[vinayaroratech.com/category/dotnet/problem-statement/index.html]
[vinayaroratech.com/wp-content/plugins/wpforms-lite/assets/css/wpforms-base.min544c.css]
[vinayaroratech.com/wp-content/plugins/elementor/assets/lib/font-awesome/css/regular.min52d5.css]
[vinayaroratech.com/wp-content/plugins/elementor/assets/lib/font-awesome/css/brands.min52d5.css]
[vinayaroratech.com/category/restful-apis/index.html]
[vinayaroratech.com/category/certificates/index.html]
[vinayaroratech.com/index37c3.html]
[vinayaroratech.com/restful-apis/generating-code-from-the-swagger-specification/index.html]
[vinayaroratech.com/certificates/learning-node-js/index.html]
[vinayaroratech.com/indexb2a8.html]
[vinayaroratech.com/restful-apis/what-you-should-expose-in-restapi/index.html]
[vinayaroratech.com/xmlrpc.php]
[vinayaroratech.com/category/developer-guide/index.html]
[vinayaroratech.com/developer-guide/coding-standards/index.html]
[vinayaroratech.com/github/a-successful-git-branching-model/index.html]
[vinayaroratech.com/wp-json/wp/v2/posts/922.json]
[vinayaroratech.com/dotnet/how-to-load-net-configuration-from-aws-secrets-manager/feed/index.html]
[vinayaroratech.com/wp-json/oembed/1.0/embed8967.json]
[vinayaroratech.com/wp-json/oembed/1.0/embed04cd]
[d2908q01vomqb2.cloudfront.net/8effee409c625e1a2d8f5033631840e6ce1dcb64/2022/09/18/Choose-secret-type.png]
[vinayaroratech.com/dotnet/how-to-load-net-configuration-from-aws-secrets-manager/index.html]
[vinayaroratech.com/category/dotnet/page/2/index.html]
[vinayaroratech.com/wp-json/wp/v2/posts/919.json]
[vinayaroratech.com/dotnet/aws-cognito-client-credentials-flow-net-6/feed/index.html]
[vinayaroratech.com/wp-json/oembed/1.0/embedc352.json]
[vinayaroratech.com/wp-json/oembed/1.0/embed9e17]
[vinayaroratech.com/dotnet/aws-cognito-client-credentials-flow-net-6/index.html]
[vinayaroratech.com/wp-content/uploads/elementor/css/post-164d9ac.css]
[vinayaroratech.com/wp-json/wp/v2/posts/164.json]
[res.cloudinary.com/practicaldev/image/fetch/s--Q7BE8SnM--/c_limit,f_auto,fl_progressive,q_auto,w_880/https_/dev-to-uploads.s3.amazonaws.com/uploads/articles/xowsh1tb5fw7v21vcwvt.e4.dela]
[res.cloudinary.com/practicaldev/image/fetch/s--djjpUzj6--/c_limit,f_auto,fl_progressive,q_auto,w_880/https_/dev-to-uploads.s3.amazonaws.com/uploads/articles/0dyfbjftcb4gkhn4spho.e5.dela]
[res.cloudinary.com/practicaldev/image/fetch/s--nSiWrZa5--/c_limit,f_auto,fl_progressive,q_auto,w_880/https_/dev-to-uploads.s3.amazonaws.com/uploads/articles/fg1utqde501f2nswe5ay.e6.dela]
[res.cloudinary.com/practicaldev/image/fetch/s--qcDVjApk--/c_limit,f_auto,fl_progressive,q_auto,w_880/https_/dev-to-uploads.s3.amazonaws.com/uploads/articles/oy8cez01twtbaenhaqe0.e7.dela]
[vinayaroratech.com/wp-json/oembed/1.0/embedacb5.json]
[res.cloudinary.com/practicaldev/image/fetch/s--20XQoxbI--/c_limit,f_auto,fl_progressive,q_auto,w_880/https_/dev-to-uploads.s3.amazonaws.com/uploads/articles/568k0gdjf2ryhmk6g6t8.e8.dela]
[res.cloudinary.com/practicaldev/image/fetch/s--ze1nTPQN--/c_limit,f_auto,fl_progressive,q_auto,w_880/https_/dev-to-uploads.s3.amazonaws.com/uploads/articles/11tq51nygov0j0ymqiuh.e9.dela]
[vinayaroratech.com/wp-json/oembed/1.0/embede51f]
[vinayaroratech.com/dotnet/how-to/how-to-reverse-proxy-using-nginx/index.html]
[res.cloudinary.com/practicaldev/image/fetch/s--y3DmrFS5--/c_limit,f_auto,fl_progressive,q_auto,w_880/https_/dev-to-uploads.s3.amazonaws.com/uploads/articles/w0b4fr89xuxlqrndfe47.ea.dela]
[res.cloudinary.com/practicaldev/image/fetch/s--oxXEqCX6--/c_limit,f_auto,fl_progressive,q_auto,w_880/https_/dev-to-uploads.s3.amazonaws.com/uploads/articles/w0k59cwdphbe9zdln3wg.eb.dela]
[res.cloudinary.com/practicaldev/image/fetch/s--oU2toiqE--/c_limit,f_auto,fl_progressive,q_auto,w_880/https_/dev-to-uploads.s3.amazonaws.com/uploads/articles/k9vgz9af4a6v0wdf1v32.ec.dela]
[res.cloudinary.com/practicaldev/image/fetch/s--dig7uTY_--/c_limit,f_auto,fl_progressive,q_auto,w_880/https_/dev-to-uploads.s3.amazonaws.com/uploads/articles/f3gpmgqg25e4c2c7nbij.ed.dela]
[vinayaroratech.com/author/admin/page/2/index.html]
[vinayaroratech.com/author/admin/page/3/index.html]
[res.cloudinary.com/practicaldev/image/fetch/s--HSQnvkjY--/c_limit,f_auto,fl_progressive,q_auto,w_880/https_/dev-to-uploads.s3.amazonaws.com/uploads/articles/r5sal74yfrgg0v17e9gm.ee.dela]
[res.cloudinary.com/practicaldev/image/fetch/s--zfmQg-gE--/c_limit,f_auto,fl_progressive,q_auto,w_880/https_/dev-to-uploads.s3.amazonaws.com/uploads/articles/25zene72ftbvl71nbizu.ef.dela]
[vinayaroratech.com/index1025.html]
[res.cloudinary.com/practicaldev/image/fetch/s--f00EfRMO--/c_limit,f_auto,fl_progressive,q_auto,w_880/https_/dev-to-uploads.s3.amazonaws.com/uploads/articles/cklblx87a4y48fujm7t2.f0.dela]
[vinayaroratech.com/index974f.html]
[res.cloudinary.com/practicaldev/image/fetch/s--gaxwyVRv--/c_limit,f_auto,fl_progressive,q_auto,w_880/https_/dev-to-uploads.s3.amazonaws.com/uploads/articles/uromd0g6hk29qml9cdrm.f1.dela]
[res.cloudinary.com/practicaldev/image/fetch/s--BSROB40N--/c_limit,f_auto,fl_progressive,q_auto,w_880/https_/dev-to-uploads.s3.amazonaws.com/uploads/articles/l56ru5xu2zi969tovlug.f2.dela]
[res.cloudinary.com/practicaldev/image/fetch/s--p7s1lseQ--/c_limit,f_auto,fl_progressive,q_auto,w_880/https_/dev-to-uploads.s3.amazonaws.com/uploads/articles/0vvq76ipc8qajnvlr2ru.f3.dela]
[vinayaroratech.com/indexeda8.html]
[res.cloudinary.com/practicaldev/image/fetch/s--4_qn4aa5--/c_limit,f_auto,fl_progressive,q_auto,w_880/https_/dev-to-uploads.s3.amazonaws.com/uploads/articles/14vpqzmqpfehciszazts.f4.dela]
[vinayaroratech.com/indexdca8.html]
[res.cloudinary.com/practicaldev/image/fetch/s--J77sW3Eb--/c_limit,f_auto,fl_progressive,q_auto,w_880/https_/dev-to-uploads.s3.amazonaws.com/uploads/articles/z6eipb86s8bobrqe1mgg.f5.dela]
[res.cloudinary.com/practicaldev/image/fetch/s--UmMlfDId--/c_limit,f_auto,fl_progressive,q_auto,w_880/https_/dev-to-uploads.s3.amazonaws.com/uploads/articles/pzwiexx7ox1p60uik327.f6.dela]
[res.cloudinary.com/practicaldev/image/fetch/s--4PNehDky--/c_limit,f_auto,fl_progressive,q_auto,w_880/https_/dev-to-uploads.s3.amazonaws.com/uploads/articles/q3a54busbwym99dttnhv.f7.dela]
[res.cloudinary.com/practicaldev/image/fetch/s--oZg8LWxK--/c_limit,f_auto,fl_progressive,q_auto,w_880/https_/dev-to-uploads.s3.amazonaws.com/uploads/articles/lbxls42vt70ydxq81vcc.f8.dela]
[vinayaroratech.com/indexb253.html]
[res.cloudinary.com/practicaldev/image/fetch/s--7qUPho6x--/c_limit,f_auto,fl_progressive,q_auto,w_880/https_/dev-to-uploads.s3.amazonaws.com/uploads/articles/zydmkutei884mlb94dgc.f9.dela]
[res.cloudinary.com/practicaldev/image/fetch/s--oRkwiv_j--/c_limit,f_auto,fl_progressive,q_auto,w_880/https_/dev-to-uploads.s3.amazonaws.com/uploads/articles/e7943pkfdtkmq9g6ajzy.fa.dela]
[vinayaroratech.com/indexb648.html]
[res.cloudinary.com/practicaldev/image/fetch/s--ZDSy5UcX--/c_limit,f_auto,fl_progressive,q_auto,w_880/https_/dev-to-uploads.s3.amazonaws.com/uploads/articles/ssk8d6bdabob5b2jkgwi.fb.dela]
[vinayaroratech.com/indexb82b.html]
[res.cloudinary.com/practicaldev/image/fetch/s--egnbBj76--/c_limit,f_auto,fl_progressive,q_auto,w_880/https_/dev-to-uploads.s3.amazonaws.com/uploads/articles/24eegflzlf0ey9t2z4v7.fc.dela]
[res.cloudinary.com/practicaldev/image/fetch/s--YhHO_N8a--/c_limit,f_auto,fl_progressive,q_auto,w_880/https_/dev-to-uploads.s3.amazonaws.com/uploads/articles/f4hve021n5sz0h3ikbzf.fe.dela]
[res.cloudinary.com/practicaldev/image/fetch/s--drojt5ns--/c_limit,f_auto,fl_progressive,q_auto,w_880/https_/dev-to-uploads.s3.amazonaws.com/uploads/articles/6o86nq06uilbmi6rzw4o.fd.dela]
[vinayaroratech.com/index2b15.html]
[res.cloudinary.com/practicaldev/image/fetch/s--HkHjZ58b--/c_limit,f_auto,fl_progressive,q_auto,w_880/https_/dev-to-uploads.s3.amazonaws.com/uploads/articles/9pn0hzom790oswoztvw1.ff.dela]
[res.cloudinary.com/practicaldev/image/fetch/s--sMweL_au--/c_limit,f_auto,fl_progressive,q_auto,w_880/https_/dev-to-uploads.s3.amazonaws.com/uploads/articles/gisbzfuru9yg4eq9ppe3.100.del]
[res.cloudinary.com/practicaldev/image/fetch/s--ALOU9qFH--/c_limit,f_auto,fl_progressive,q_auto,w_880/https_/dev-to-uploads.s3.amazonaws.com/uploads/articles/doame0m5l1fo0hdx3ag1.101.del]
[res.cloudinary.com/practicaldev/image/fetch/s--I7rrYxVr--/c_limit,f_auto,fl_progressive,q_auto,w_880/https_/dev-to-uploads.s3.amazonaws.com/uploads/articles/aeljxi65815zts9dpo9y.102.del]
[res.cloudinary.com/practicaldev/image/fetch/s--RUa3r764--/c_limit,f_auto,fl_progressive,q_auto,w_880/https_/dev-to-uploads.s3.amazonaws.com/uploads/articles/9kzrwz267z4kcvxpyi0s.103.del]
[vinayaroratech.com/wp-json/wp/v2/posts/912.json]
[res.cloudinary.com/practicaldev/image/fetch/s--_BH0ChxL--/c_limit,f_auto,fl_progressive,q_auto,w_880/https_/dev-to-uploads.s3.amazonaws.com/uploads/articles/nai6tefg7742n0907eid.104.del]
[res.cloudinary.com/practicaldev/image/fetch/s--5JiwmeeK--/c_limit,f_auto,fl_progressive,q_auto,w_880/https_/dev-to-uploads.s3.amazonaws.com/uploads/articles/mfjnw2yp68a4jpl9he95.105.del]
[res.cloudinary.com/practicaldev/image/fetch/s--xHM_iHg6--/c_limit,f_auto,fl_progressive,q_auto,w_880/https_/dev-to-uploads.s3.amazonaws.com/uploads/articles/hjc9ofghcbmsj3wjahsg.106.del]
[vinayaroratech.com/wp-json/oembed/1.0/embedac1b.json]
[res.cloudinary.com/practicaldev/image/fetch/s--laaOqwFI--/c_limit,f_auto,fl_progressive,q_auto,w_880/https_/dev-to-uploads.s3.amazonaws.com/uploads/articles/cbebxmgccvb2xuuf3x93.107.del]
[res.cloudinary.com/practicaldev/image/fetch/s--6HA2oIFj--/c_limit,f_auto,fl_progressive,q_auto,w_880/https_/dev-to-uploads.s3.amazonaws.com/uploads/articles/cm262okes8xeqf6fyt1a.108.del]
[vinayaroratech.com/wp-json/oembed/1.0/embed9cbf]
[res.cloudinary.com/practicaldev/image/fetch/s--K50Jcyqf--/c_limit,f_auto,fl_progressive,q_auto,w_880/https_/dev-to-uploads.s3.amazonaws.com/uploads/articles/0ciz4i96b5gtds9ezbsu.109.del]
[vinayaroratech.com/wp-content/uploads/2022/10/image-1024x567.png]
[res.cloudinary.com/practicaldev/image/fetch/s--q1JZ2Gvi--/c_limit,f_auto,fl_progressive,q_auto,w_880/https_/dev-to-uploads.s3.amazonaws.com/uploads/articles/pflduqxem8e33ntijvvt.10a.del]
[res.cloudinary.com/practicaldev/image/fetch/s--g7THxwAz--/c_limit,f_auto,fl_progressive,q_auto,w_880/https_/dev-to-uploads.s3.amazonaws.com/uploads/articles/zlxb3ddb5ojwt4h4v1sv.10b.del]
[vinayaroratech.com/dotnet/how-to/how-to-reverse-proxy-using-nginx/feed/index.html]
[codewithmukesh.com/wp-content/uploads/2022/03/image-27-1024x630.png]
[vinayaroratech.com/wp-content/uploads/2022/10/image-1-1024x561.png]
[vinayaroratech.com/dotnet-core/working-with-aws-s3-using-asp-net-core-upload-download-delete-files/feed/index.html]
[vinayaroratech.com/wp-content/uploads/2022/10/image-2-1024x506.png]
[codewithmukesh.com/wp-content/uploads/2022/03/image-30-1024x832.png]
[codewithmukesh.com/wp-content/uploads/2022/04/image-1.png]
[codewithmukesh.com/wp-content/uploads/2022/03/image-42.png]
[codewithmukesh.com/wp-content/uploads/2022/03/image-35.png]
[codewithmukesh.com/wp-content/uploads/2022/03/image-36.png]
[codewithmukesh.com/wp-content/uploads/2022/03/image-43-1024x248.png]
[codewithmukesh.com/wp-content/uploads/2022/04/image-2.png]
[codewithmukesh.com/wp-content/uploads/2022/04/image-3-1024x412.png]
[codewithmukesh.com/wp-content/uploads/2022/03/image-38.png]
[codewithmukesh.com/wp-content/uploads/2022/03/image-39.png]
[codewithmukesh.com/wp-content/uploads/2022/04/image-4.png]
[codewithmukesh.com/wp-content/uploads/2022/03/image-44-1024x572.png]
[codewithmukesh.com/wp-content/uploads/2022/04/image-6.png]
[codewithmukesh.com/wp-content/uploads/2022/03/image-41.png]
[vinayaroratech.com/dotnet-core/working-with-aws-s3-using-asp-net-core-upload-download-delete-files/index.html]
[vinayaroratech.com/index6cd8.html]
[codewithmukesh.com/wp-content/uploads/2022/03/image-26.png]
[vinayaroratech.com/wp-json/wp/v2/posts/910.json]
[vinayaroratech.com/dotnet/using-stripe-js-elements-with-angular/feed/index.html]
[vinayaroratech.com/wp-json/oembed/1.0/embedaf38.json]
[vinayaroratech.com/wp-json/oembed/1.0/embed547f]
[vinayaroratech.com/dotnet/using-stripe-js-elements-with-angular/index.html]
[vinayaroratech.com/wp-json/wp/v2/posts/906.json]
[vinayaroratech.com/dotnet/hosting-net-6-web-api-with-aws-lambda-truly-server-less-rest-apis/feed/index.html]
[vinayaroratech.com/wp-json/oembed/1.0/embede64f.json]
[vinayaroratech.com/wp-json/oembed/1.0/embed1187]
[codewithmukesh.com/wp-content/uploads/2022/08/devenv_T7JPowRlsL.png]
[codewithmukesh.com/wp-content/uploads/2022/08/devenv_3w29uH8tY6.png]
[codewithmukesh.com/wp-content/uploads/2022/08/WindowsTerminal_sRzuppxuev-1024x632.png]
[codewithmukesh.com/wp-content/uploads/2022/08/WindowsTerminal_orG6mRGfcS-1024x632.png]
[codewithmukesh.com/wp-content/uploads/2022/08/chrome_esOJhV5RUr-1024x295.png]
[codewithmukesh.com/wp-content/uploads/2022/08/image-5-1024x360.png]
[codewithmukesh.com/wp-content/uploads/2022/08/chrome_8Q3TGhkaPh.png]
[codewithmukesh.com/wp-content/uploads/2022/08/chrome_oNIEENiupx-1024x328.png]
[codewithmukesh.com/wp-content/uploads/2022/08/chrome_6efckF9G05-1024x212.png]
[codewithmukesh.com/wp-content/uploads/2022/08/chrome_fJkBRV2ofR-1024x289.png]
[vinayaroratech.com/dotnet/hosting-net-6-web-api-with-aws-lambda-truly-server-less-rest-apis/index.html]
[codewithmukesh.com/wp-content/uploads/2022/08/chrome_miWaXeUa5H-1024x537.png]
[vinayaroratech.com/github/ci-cd-using-github-actions-aws-ecr-and-ecs-fargate/feed/index.html]
[vinayaroratech.com/wp-json/wp/v2/posts/875.json]
[vinayaroratech.com/wp-json/oembed/1.0/embedca29.json]
[vinayaroratech.com/wp-json/oembed/1.0/embedd0d8]
[vinayaroratech.com/github/ci-cd-using-github-actions-aws-ecr-and-ecs-fargate/index.html]
[vinayaroratech.com/wp-json/wp/v2/categories/58.json]
[vinayaroratech.com/category/devops/index.html]
[vinayaroratech.com/wp-json/wp/v2/categories/6.json]
[vinayaroratech.com/category/github/index.html]
[vinayaroratech.com/category/devops/feed/index.html]
[vinayaroratech.com/wp-json/wp/v2/posts/869.json]
[vinayaroratech.com/mdm/up-and-running-with-micromdm/feed/index.html]
[vinayaroratech.com/category/github/feed/index.html]
[vinayaroratech.com/wp-json/oembed/1.0/embed2c4d.json]
[vinayaroratech.com/wp-json/oembed/1.0/embedad47]
[vinayaroratech.com/mdm/up-and-running-with-micromdm/index.html]
[vinayaroratech.com/wp-json/wp/v2/categories/56.json]
[vinayaroratech.com/category/mdm/index.html]
[vinayaroratech.com/category/mdm/feed/index.html]
[vinayaroratech.com/mdm/micromdm/feed/index.html]
[vinayaroratech.com/wp-json/wp/v2/posts/854.json]
[vinayaroratech.com/wp-json/oembed/1.0/embed3d87.json]
[vinayaroratech.com/wp-json/oembed/1.0/embed3adb]
[github.com/fluidicon.png]
[miro.medium.com/fit/c/152/152/1_sHhtYhaCe2Uc3IU0IgKwIQ.png]
[vinayaroratech.com/mdm/micromdm/index.html]
[vinayaroratech.com/wp-content/uploads/elementor/css/post-157470e.css]
[vinayaroratech.com/wp-json/wp/v2/posts/157.json]
[vinayaroratech.com/dotnet/problem-statement/stock-buy-sell-to-maximize-profit/feed/index.html]
[vinayaroratech.com/wp-json/oembed/1.0/embedaf5c.json]
[vinayaroratech.com/wp-json/oembed/1.0/embed2797]
[vinayaroratech.com/dotnet/problem-statement/stock-buy-sell-to-maximize-profit/index.html]
[vinayaroratech.com/wp-json/wp/v2/categories/12.json]
[vinayaroratech.com/category/dotnet/problem-statement/index.html]
[vinayaroratech.com/wp-json/wp/v2/posts/147.json]
[vinayaroratech.com/category/dotnet/problem-statement/feed/index.html]
[vinayaroratech.com/restful-apis/generating-code-from-the-swagger-specification/feed/index.html]
[vinayaroratech.com/wp-json/oembed/1.0/embed3589.json]
[vinayaroratech.com/wp-json/oembed/1.0/embed52d7]
[vinayaroratech.com/restful-apis/generating-code-from-the-swagger-specification/index.html]
[vinayaroratech.com/wp-json/wp/v2/categories/10.json]
[vinayaroratech.com/category/restful-apis/index.html]
[vinayaroratech.com/category/restful-apis/feed/index.html]
[vinayaroratech.com/wp-json/wp/v2/posts/136.json]
[vinayaroratech.com/certificates/learning-node-js/feed/index.html]
[vinayaroratech.com/wp-json/oembed/1.0/embed7f57.json]
[vinayaroratech.com/wp-json/oembed/1.0/embed7ce3]
[vinayaroratech.com/wp-content/uploads/2020/07/Learning-Node.js-1024x669.jpg]
[vinayaroratech.com/certificates/learning-node-js/index.html]
[vinayaroratech.com/wp-json/wp/v2/categories/11.json]
[vinayaroratech.com/category/certificates/index.html]
[vinayaroratech.com/category/certificates/feed/index.html]
[vinayaroratech.com/wp-json/wp/v2/posts/133.json]
[vinayaroratech.com/restful-apis/what-you-should-expose-in-restapi/feed/index.html]
[vinayaroratech.com/wp-json/oembed/1.0/embed0173.json]
[vinayaroratech.com/wp-json/oembed/1.0/embedcc61]
[vinayaroratech.com/restful-apis/what-you-should-expose-in-restapi/index.html]
[vinayaroratech.com/wp-json/wp/v2/posts/92.json]
[vinayaroratech.com/developer-guide/coding-standards/feed/index.html]
[vinayaroratech.com/wp-json/oembed/1.0/embed8da5.json]
[vinayaroratech.com/wp-json/oembed/1.0/embed76d7]
[vinayaroratech.com/developer-guide/coding-standards/index.html]
[vinayaroratech.com/wp-json/wp/v2/categories/7.json]
[vinayaroratech.com/category/developer-guide/index.html]
[vinayaroratech.com/wp-json/wp/v2/posts/82.json]
[vinayaroratech.com/category/developer-guide/feed/index.html]
[vinayaroratech.com/github/a-successful-git-branching-model/feed/index.html]
[vinayaroratech.com/wp-json/oembed/1.0/embede5e2.json]
[vinayaroratech.com/wp-json/oembed/1.0/embed12da]
[vinayaroratech.com/wp-content/uploads/2020/05/Git-Flow-e1588680087165.png]
[vinayaroratech.com/github/a-successful-git-branching-model/index.html]
[vinayaroratech.com/wp-content/plugins/wpforms-lite/assets/images/times-solid-white.svg]
[vinayaroratech.com/indexc8e5.html]
[vinayaroratech.com/index6f5e.html]
[vinayaroratech.com/wp-content/uploads/elementor/css/post-164d9ac.css]
[vinayaroratech.com/index7760.html]
[vinayaroratech.com/index94f9.html]
[vinayaroratech.com/index0865.html]
[vinayaroratech.com/indexea3e.html]
[vinayaroratech.com/index527a.html]
[vinayaroratech.com/index71e2.html]
[vinayaroratech.com/mdm/up-and-running-with-micromdm/_data_image/svg+xml;utf8,_svg xmlns=_http_/www.w3.org/2000/svg___g fill=_none_ fill-rule=_evenodd___path d/path__pat/svg__.13f.delaye]
[vinayaroratech.com/index461a.html]
[vinayaroratech.com/wp-content/uploads/elementor/css/post-157470e.css]
[vinayaroratech.com/index5791.html]
[vinayaroratech.com/index2fa7.html]
[vinayaroratech.com/index9469.html]
[vinayaroratech.com/index9c49.html]
[vinayaroratech.com/index8e15.html]
[vinayaroratech.com/index287b.html]
[vinayaroratech.com/mdm/up-and-running-with-micromdm/_data_image/svg+xml;utf8,_svg xmlns=_http_/www.w3.org/2000/svg___g fill=_none_ fill-rule=_evenodd___path d/path__path/svg_.15f.delaye]
